[ML report]
[2026-08-09 15:21:18] Lấy dữ liệu GMD...
📦 Vnstock 4.0.5 is available
Current: 4.0.4 (Python 3.13 (venv))
Update: /Users/tranlekhoa/Documents/DATA_SCI/vn_stock_analysis/.venv/bin/python -m pip install vnstock --upgrade
Release: https://vnstocks.com/docs/tai-lieu/lich-su-phien-ban
📦 Vnai 2.5.6 is available
Current: 2.4.8 (Python 3.13 (venv))
Update: /Users/tranlekhoa/Documents/DATA_SCI/vn_stock_analysis/.venv/bin/python -m pip install vnai --upgrade
Release: https://pypi.org/project/vnai/#history
┏━━━━━━━━━━━━━━━━━━━━━━━━━━━━━━━━━━━━━━━━━━━━━━━━━━━━━━━━━━━━━━━━━━━━━━━━━━━━━━━━━┓
┃                                                                                 ┃
┃                                                                                 ┃
┃  🚀 VNSTOCK INSIDERS PROGRAM - NÂNG TẦM TRẢI NGHIỆM CỦA BẠN! 🚀                 ┃
┃                                                                                 ┃
┃  Nếu bạn cảm thấy khó chịu với các thông báo và quảng cáo:                      ┃
┃                                                                                 ┃
┃  ✨ Ẩn toàn bộ thông báo và quảng cáo phiền hà                                  ┃
┃  🔓 Mở rộng khả năng sử dụng API tối đa                                         ┃
┃  ⚡ Tăng tốc tải dữ liệu từ 5-8 lần                                              ┃
┃  📈 Tăng giới hạn truy cập API lên đến 5 lần                                    ┃
┃  🤖 Dùng AI Agent viết code hiệu quả với tài liệu Agent Guide                   ┃
┃                                                                                 ┃
┃  🔗 Tham gia ngay: https://vnstocks.com/insiders-program.                       ┃
┃                                                                                 ┃
┗━━━━━━━━━━━━━━━━━━━━━━━━━━━━━━━━━━━━━━━━━━━━━━━━━━━━━━━━━━━━━━━━━━━━━━━━━━━━━━━━━┛
Tính chỉ báo kỹ thuật...
Lấy benchmark VNINDEX và tính feature thị trường...
Huấn luyện XGBoost và logistic baseline...
Mô phỏng Monte Carlo...
Lấy phân tích cơ bản...
Downcasting object dtype arrays on .fillna, .ffill, .bfill is deprecated and will change in a future version. Call result.infer_objects(copy=False) instead. To opt-in to the future behavior, set `pd.set_option('future.no_silent_downcasting', True)`

ℹ️  Phiên bản cộng đồng: Báo cáo tài chính được giới hạn tối đa 4 kỳ để minh hoạ thuật toán. Để truy cập đầy đủ tất cả các kỳ báo cáo, vui lòng tham gia gói thành viên tài trợ dự án: https://vnstocks.com/insiders-program


ℹ️  Phiên bản cộng đồng: Báo cáo tài chính được giới hạn tối đa 4 kỳ để minh hoạ thuật toán. Để truy cập đầy đủ tất cả các kỳ báo cáo, vui lòng tham gia gói thành viên tài trợ dự án: https://vnstocks.com/insiders-program

Lấy và phân tích tin tức (research only)...
Lưu PostgreSQL...
Xong. Báo cáo nằm ở: /Users/tranlekhoa/Documents/DATA_SCI/vn_stock_analysis/reports/GMD/2026-08-09_15-21-18
[1;32mĐã tạo report:[0m [35m/Users/tranlekhoa/Documents/DATA_SCI/vn_stock_analysis/reports/GMD/[0m[95m2026-08-09_15-21-18[0m
ML decision: [1mNO_EDGE[0m


[Live research failed]
[3m                                                                                           Live research: GMD                                                                                            [0m
┏━━━━━━━━━━━━━━━━━━━━━━━━━━━┳━━━━━━━━━━━━━━━━━━━━━━━━━━━━━━━━━━━━━━━━━━━━━━━━━━━━━━━━━━━━━━━━━━━━━━━━━━━━━━━━━━━━━━━━━━━━━━━━━━━━━━━━━━━━━━━━━━━━━━━━━━━━━━━━━━━━━━━━━━━━━━━┳━━━━━━━━━━━━━━━━━━━━━━━━━━━┓
┃[1m [0m[1mPublisher                [0m[1m [0m┃[1m [0m[1mHeadline                                                                                                                                     [0m[1m [0m┃[1m [0m[1mPublished                [0m[1m [0m┃
┡━━━━━━━━━━━━━━━━━━━━━━━━━━━╇━━━━━━━━━━━━━━━━━━━━━━━━━━━━━━━━━━━━━━━━━━━━━━━━━━━━━━━━━━━━━━━━━━━━━━━━━━━━━━━━━━━━━━━━━━━━━━━━━━━━━━━━━━━━━━━━━━━━━━━━━━━━━━━━━━━━━━━━━━━━━━━╇━━━━━━━━━━━━━━━━━━━━━━━━━━━┩
│ thuonghieucongluan.com.vn │ Cổ phiếu đáng chú ý ngày 7/8: FPT, GMD, SAB - thuonghieucongluan.com.vn                                                                       │ 2026-08-06T23:23:00+00:00 │
│ Báo Pháp Luật Việt Nam    │ Tập đoàn Gemadept (GMD): Phát hành thành công gần 6,4 triệu cổ phiếu ESOP, lãi quý II tăng bằng lần - Báo Pháp Luật Việt Nam                  │ 2026-08-06T02:06:00+00:00 │
│ Vietstock                 │ GMD: Thông báo nhận được công văn của UBCKNN về tài liệu báo cáo phát hành cổ phiếu theo chương trình lựa chọn cho người lao động - Vietstock │ 2026-08-07T08:30:10+00:00 │
│ Tin nhanh chứng khoán     │ Cổ phiếu cần quan tâm ngày 7/8 - Tin nhanh chứng khoán                                                                                        │ 2026-08-06T10:30:00+00:00 │
│ Chứng khoán DNSE          │ Gợi ý mã cổ phiếu tiềm năng: GMD - Chứng khoán DNSE                                                                                           │ 2026-08-03T18:00:18+00:00 │
│ nguoiquansat.vn           │ CTCK khuyến nghị 6 cổ phiếu hot trong tháng 8/2026, tiềm năng tăng giá hàng chục % - nguoiquansat.vn                                          │ 2026-08-06T00:06:01+00:00 │
│ MoneyF                    │ Cổ phiếu đáng chú ý ngày 7/8: FPT hưởng lợi từ làn sóng AI, GMD chờ cú hích Gemalink - MoneyF                                                 │ 2026-08-07T00:41:00+00:00 │
│ Việt Báo                  │ VHM, VCB, TCB, STB, FPT, GMD, PHP vào danh mục đầu tư tháng 8? - Việt Báo                                                                     │ 2026-08-05T22:01:39+00:00 │
│ index.vn                  │ Gemadept (GMD) phân phối thành công gần 6,4 triệu cổ phiếu ESOP - index.vn                                                                    │ 2026-08-05T04:51:00+00:00 │
│ index.vn                  │ Gemadept hoàn tất phát hành gần 6,4 triệu cổ phiếu cho cán bộ nhân viên - index.vn                                                            │ 2026-08-05T03:59:00+00:00 │
└───────────────────────────┴───────────────────────────────────────────────────────────────────────────────────────────────────────────────────────────────────────────────┴───────────────────────────┘
[32mĐã lưu [0m[1;32m10[0m[32m bài:[0m [35m/Users/tranlekhoa/Documents/DATA_SCI/vn_stock_analysis/reports/GMD/2026-08-09_15-21-18/[0m[95mlive_research.json[0m

KeyboardInterrupt: 